// Jest Snapshot v1, https://goo.gl/fbAQLP

exports[`AnswerForm renders correctly 1`] = `ShallowWrapper {}`;

exports[`AnswerReport renders correctly 1`] = `ShallowWrapper {}`;

exports[`AskQuestions renders correctly 1`] = `ShallowWrapper {}`;

exports[`AskQuestions should match the snapshot 1`] = `"<div class=\\"loadmore-a\\"><div><button type=\\"submit\\" class=\\"btndisappear\\">LOAD MORE ANSWER!</button></div><div class=\\"buttons\\"><button class=\\"btndisappear\\" type=\\"submit\\">MORE ANSWERED QUESTIONs</button><div class=\\"buttons\\"><button class=\\"add-q-btn\\" type=\\"submit\\">ADD A QUESTION<img alt=\\"plusimage\\" class=\\"imgplus\\" src=\\"plus.png\\"/></button></div></div></div>"`;

exports[`HelpfulAnswerCount renders correctly 1`] = `ShallowWrapper {}`;

exports[`HelpfulQuestionCount renders correctly 1`] = `ShallowWrapper {}`;

exports[`QuestionsAnswersState renders correctly 1`] = `ShallowWrapper {}`;
